
Allocating common symbols
Common symbol       size              file

global_uninitialized_data
                    0xc               main.o

Memory Configuration

Name             Origin             Length             Attributes
flash            0x08000000         0x00020000         xr
sram             0x20000000         0x00005000         xrw
*default*        0x00000000         0xffffffff

Linker script and memory map


.text           0x08000000      0x194
 *(.vectors*)
 .vectors       0x08000000       0x1c startup.o
                0x08000000                Vectors
 *(.text*)
 .text          0x0800001c       0xb0 main.o
                0x0800001c                main
 .text          0x080000cc       0xbc startup.o
                0x080000cc                Bus_fault
                0x080000cc                MM_fault_Handler
                0x080000cc                Usage_fault_Handler
                0x080000cc                H_fault_Handler
                0x080000cc                Default_Handler
                0x080000cc                NMI_Handler
                0x080000d8                Reset_Handler
 *(.rodata)
 .rodata        0x08000188        0xc main.o
                0x08000188                global_const_data_2
                0x08000194                _E_TEXT = .

.glue_7         0x08000194        0x0
 .glue_7        0x00000000        0x0 linker stubs

.glue_7t        0x08000194        0x0
 .glue_7t       0x00000000        0x0 linker stubs

.vfp11_veneer   0x08000194        0x0
 .vfp11_veneer  0x00000000        0x0 linker stubs

.v4_bx          0x08000194        0x0
 .v4_bx         0x00000000        0x0 linker stubs

.iplt           0x08000194        0x0
 .iplt          0x00000000        0x0 main.o

.rel.dyn        0x08000194        0x0
 .rel.iplt      0x00000000        0x0 main.o

.data           0x20000000       0x1c load address 0x08000194
                0x20000000                _S_DATA = .
 *(.data)
 .data          0x20000000       0x1c main.o
                0x20000000                global_data
                0x2000000c                global_const_data
                0x20000018                R_ODR
 .data          0x2000001c        0x0 startup.o
                0x2000001c                _E_DATA = .

.igot.plt       0x2000001c        0x0 load address 0x080001b0
 .igot.plt      0x00000000        0x0 main.o

.bss            0x2000001c     0x100c load address 0x080001b0
                0x2000001c                _S_BSS = .
 *(.bss)
 .bss           0x2000001c        0x0 main.o
 .bss           0x2000001c        0x0 startup.o
                0x2000001c                _E_BSS = .
                0x2000001c                . = ALIGN (0x4)
                0x2000101c                . = (. + 0x1000)
 *fill*         0x2000001c     0x1000 
                0x2000101c                stack_top = .
 COMMON         0x2000101c        0xc main.o
                0x2000101c                global_uninitialized_data
LOAD main.o
LOAD startup.o
OUTPUT(learn_in_depth_cortex_m3.elf elf32-littlearm)

.debug_info     0x00000000      0x2fe
 .debug_info    0x00000000      0x1b4 main.o
 .debug_info    0x000001b4      0x14a startup.o

.debug_abbrev   0x00000000      0x19c
 .debug_abbrev  0x00000000       0xe3 main.o
 .debug_abbrev  0x000000e3       0xb9 startup.o

.debug_loc      0x00000000       0x9c
 .debug_loc     0x00000000       0x38 main.o
 .debug_loc     0x00000038       0x64 startup.o

.debug_aranges  0x00000000       0x40
 .debug_aranges
                0x00000000       0x20 main.o
 .debug_aranges
                0x00000020       0x20 startup.o

.debug_line     0x00000000       0xbe
 .debug_line    0x00000000       0x57 main.o
 .debug_line    0x00000057       0x67 startup.o

.debug_str      0x00000000      0x1b6
 .debug_str     0x00000000      0x120 main.o
                                0x159 (size before relaxing)
 .debug_str     0x00000120       0x96 startup.o
                                0x100 (size before relaxing)

.comment        0x00000000       0x11
 .comment       0x00000000       0x11 main.o
                                 0x12 (size before relaxing)
 .comment       0x00000000       0x12 startup.o

.ARM.attributes
                0x00000000       0x33
 .ARM.attributes
                0x00000000       0x33 main.o
 .ARM.attributes
                0x00000033       0x33 startup.o

.debug_frame    0x00000000       0x78
 .debug_frame   0x00000000       0x2c main.o
 .debug_frame   0x0000002c       0x4c startup.o
